
icetime topological timing analysis report
==========================================

Info: max_span_hack is enabled: estimate is conservative.

Report for critical path:
-------------------------

        lc40_17_4_6 (LogicCell40) [clk] -> lcout: 0.896 ns
     0.896 ns net_65041 (rom.rom.rd_addr[6])
        odrv_17_4_65041_69268 (Odrv4) I -> O: 0.548 ns
        t16548 (Span4Mux_v4) I -> O: 0.548 ns
        t16547 (LocalMux) I -> O: 0.486 ns
        inmux_18_10_73968_74044 (InMux) I -> O: 0.382 ns
        t3594 (CascadeMux) I -> O: 0.000 ns
        lc40_18_10_7 (LogicCell40) in2 -> lcout: 0.558 ns
     3.418 ns net_69857 ($abc$69506$new_n5286_)
        odrv_18_10_69857_69881 (Odrv4) I -> O: 0.548 ns
        t18486 (Span4Mux_v4) I -> O: 0.548 ns
        t18485 (LocalMux) I -> O: 0.486 ns
        inmux_18_5_73380_73405 (InMux) I -> O: 0.382 ns
        t3561 (CascadeMux) I -> O: 0.000 ns
        lc40_18_5_3 (LogicCell40) in2 -> lcout: 0.558 ns
     5.940 ns net_69238 ($abc$69506$new_n10675_)
        t17886 (LocalMux) I -> O: 0.486 ns
        inmux_18_6_73486_73520 (InMux) I -> O: 0.382 ns
        lc40_18_6_2 (LogicCell40) in0 -> lcout: 0.662 ns
     7.470 ns net_69360 ($abc$69506$new_n10676_)
        odrv_18_6_69360_69504 (Odrv4) I -> O: 0.548 ns
        t17991 (Span4Mux_v4) I -> O: 0.548 ns
        t17990 (Span4Mux_v4) I -> O: 0.548 ns
        t17989 (LocalMux) I -> O: 0.486 ns
        inmux_16_13_66205_66216 (InMux) I -> O: 0.382 ns
        lc40_16_13_0 (LogicCell40) in0 -> lcout: 0.662 ns
    10.644 ns net_62066 ($abc$69506$techmap\rom.rom.$logic_not$/home/ohta/NextMiconIDE/Board/NextMicon/TinyFPGA_BX/0.0.0/hardware/SPIROM.sv:148$916_Y_new_inv_)
        odrv_16_13_62066_62099 (Odrv4) I -> O: 0.548 ns
        t15914 (Span4Mux_h4) I -> O: 0.465 ns
        t15913 (LocalMux) I -> O: 0.486 ns
        inmux_14_11_57808_57837 (InMux) I -> O: 0.382 ns
        t2917 (CascadeMux) I -> O: 0.000 ns
        lc40_14_11_3 (LogicCell40) in2 -> lcout: 0.558 ns
    13.083 ns net_53669 ($abc$69506$new_n5635_)
        t14199 (LocalMux) I -> O: 0.486 ns
        inmux_13_10_53603_53630 (InMux) I -> O: 0.382 ns
        lc40_13_10_2 (LogicCell40) in1 -> lcout: 0.589 ns
    14.541 ns net_49468 ($abc$69506$cpu.mem_rdata[0]_new_)
        odrv_13_10_49468_53453 (Odrv4) I -> O: 0.548 ns
        t13434 (Span4Mux_h4) I -> O: 0.465 ns
        t13433 (Span4Mux_h4) I -> O: 0.465 ns
        t13432 (LocalMux) I -> O: 0.486 ns
        inmux_20_11_82271_82320 (InMux) I -> O: 0.382 ns
        lc40_20_11_7 (LogicCell40) in1 -> lcout: 0.589 ns
    17.476 ns net_78133 ($abc$69506$new_n5624_)
        t21162 (LocalMux) I -> O: 0.486 ns
        inmux_21_10_86229_86269 (InMux) I -> O: 0.382 ns
        t4198 (CascadeMux) I -> O: 0.000 ns
        lc40_21_10_6 (LogicCell40) in2 -> lcout: 0.558 ns
    18.903 ns net_82086 ($abc$69506$auto$simplemap.cc:309:simplemap_lut$10469[1])
        t22093 (LocalMux) I -> O: 0.486 ns
        inmux_22_9_90174_90216 (InMux) I -> O: 0.382 ns
        lc40_22_9_5 (LogicCell40) in1 -> lcout: 0.589 ns
    20.360 ns net_86039 ($abc$69506$techmap\cpu.$logic_or$/home/ohta/NextMiconIDE/Board/NextMicon/TinyFPGA_BX/0.0.0/hardware/PicoRV32.sv:364$1366_Y_new_inv_)
        odrv_22_9_86039_89899 (Odrv4) I -> O: 0.548 ns
        t23166 (Span4Mux_h4) I -> O: 0.465 ns
        t23165 (LocalMux) I -> O: 0.486 ns
        inmux_23_5_93741_93772 (InMux) I -> O: 0.382 ns
        t4590 (CascadeMux) I -> O: 0.000 ns
        lc40_23_5_0 (LogicCell40) in2 -> lcout: 0.558 ns
    22.800 ns net_89619 ($abc$69506$cpu.mem_done_new_)
        odrv_23_5_89619_93831 (Odrv4) I -> O: 0.548 ns
        t24053 (Span4Mux_h4) I -> O: 0.465 ns
        t24052 (Span4Mux_v4) I -> O: 0.548 ns
        t24051 (Span4Mux_v4) I -> O: 0.548 ns
        t24050 (Span4Mux_v4) I -> O: 0.548 ns
        t24049 (LocalMux) I -> O: 0.486 ns
        inmux_31_16_127047_127091 (InMux) I -> O: 0.382 ns
        lc40_31_16_4 (LogicCell40) in1 -> lcout: 0.589 ns
    26.914 ns net_122919 ($abc$69506$auto$simplemap.cc:250:simplemap_eqne$20835[3]_new_inv_)
        t33303 (LocalMux) I -> O: 0.486 ns
        inmux_31_17_127160_127232 (InMux) I -> O: 0.382 ns
        lc40_31_17_7 (LogicCell40) in1 -> lcout: 0.589 ns
    28.372 ns net_123045 ($abc$69506$techmap\cpu.$3\set_mem_do_wdata[0:0]_new_)
        odrv_31_17_123045_127019 (Odrv4) I -> O: 0.548 ns
        t33452 (Span4Mux_v4) I -> O: 0.548 ns
        t33451 (Span4Mux_v4) I -> O: 0.548 ns
        t33450 (Span4Mux_h4) I -> O: 0.465 ns
        t33449 (LocalMux) I -> O: 0.486 ns
        inmux_29_6_117662_117708 (InMux) I -> O: 0.382 ns
        t5788 (CascadeMux) I -> O: 0.000 ns
        lc40_29_6_4 (LogicCell40) in2 -> lcout: 0.558 ns
    31.907 ns net_113535 ($abc$69506$techmap\cpu.$2\set_mem_do_wdata[0:0])
        t30611 (LocalMux) I -> O: 0.486 ns
        inmux_28_5_113469_113520 (InMux) I -> O: 0.382 ns
        t5565 (CascadeMux) I -> O: 0.000 ns
        lc40_28_5_6 (LogicCell40) in2 -> lcout: 0.558 ns
    33.333 ns net_109337 ($abc$69506$auto$dff2dffe.cc:158:make_patterns_logic$41463)
        odrv_28_5_109337_101890 (Odrv4) I -> O: 0.548 ns
        t29440 (Span4Mux_v4) I -> O: 0.548 ns
        t29439 (LocalMux) I -> O: 0.486 ns
        inmux_29_5_117537_117605 (CEMux) I -> O: 0.889 ns
    35.804 ns net_117605 ($abc$69506$auto$dff2dffe.cc:158:make_patterns_logic$41463)
        lc40_29_5_0 (LogicCell40) ce [setup]: 0.000 ns
    35.804 ns net_113408 (cpu.mem_do_wdata)

Resolvable net names on path:
     0.896 ns ..  2.860 ns rom.rom.rd_addr[6]
     3.418 ns ..  5.382 ns $abc$69506$new_n5286_
     5.940 ns ..  6.809 ns $abc$69506$new_n10675_
     7.470 ns ..  9.982 ns $abc$69506$new_n10676_
    10.644 ns .. 12.525 ns $abc$69506$techmap\rom.rom.$logic_not$/home/ohta/NextMiconIDE/Board/NextMicon/TinyFPGA_BX/0.0.0/hardware/SPIROM.sv:148$916_Y_new_inv_
    13.083 ns .. 13.951 ns $abc$69506$new_n5635_
    14.541 ns .. 16.887 ns $abc$69506$cpu.mem_rdata[0]_new_
    17.476 ns .. 18.345 ns $abc$69506$new_n5624_
    18.903 ns .. 19.771 ns $abc$69506$auto$simplemap.cc:309:simplemap_lut$10469[1]
    20.360 ns .. 22.242 ns $abc$69506$techmap\cpu.$logic_or$/home/ohta/NextMiconIDE/Board/NextMicon/TinyFPGA_BX/0.0.0/hardware/PicoRV32.sv:364$1366_Y_new_inv_
    22.800 ns .. 26.325 ns $abc$69506$cpu.mem_done_new_
    26.914 ns .. 27.782 ns $abc$69506$auto$simplemap.cc:250:simplemap_eqne$20835[3]_new_inv_
    28.372 ns .. 31.349 ns $abc$69506$techmap\cpu.$3\set_mem_do_wdata[0:0]_new_
    31.907 ns .. 32.775 ns $abc$69506$techmap\cpu.$2\set_mem_do_wdata[0:0]
    33.333 ns .. 35.804 ns $abc$69506$auto$dff2dffe.cc:158:make_patterns_logic$41463
                  lcout -> cpu.mem_do_wdata

Total number of logic levels: 15
Total path delay: 35.80 ns (27.93 MHz)

